<html>
<body>
<pre>
<h1>µVision Build Log</h1>
<h2>Tool Versions:</h2>
IDE-Version: µVision V5.20.0.0
Copyright (C) 2016 ARM Ltd and ARM Germany GmbH. All rights reserved.
License Information: Parfenkov Microsoft, Microsoft, LIC=----
 
Tool Versions:
Toolchain:       MDK-Lite  Version: 5.20
Toolchain Path:  C:\Keil_v5\ARM\ARMCC\Bin
C Compiler:      Armcc.exe V5.06 update 2 (build 183)
Assembler:       Armasm.exe V5.06 update 2 (build 183)
Linker/Locator:  ArmLink.exe V5.06 update 2 (build 183)
Library Manager: ArmAr.exe V5.06 update 2 (build 183)
Hex Converter:   FromElf.exe V5.06 update 2 (build 183)
CPU DLL:         SARMCM3.DLL V5.20
Dialog DLL:      DCM.DLL V1.13.7.0
Target DLL:      STLink\ST-LINKIII-KEIL_SWO.dll V2.0.18.0
Dialog DLL:      TCM.DLL V1.14.9.0
 
<h2>Project:</h2>
C:\project\Test1\Program1.uvprojx
Project File Date:  05/11/2019

<h2>Output:</h2>
*** Using Compiler 'V5.06 update 2 (build 183)', folder: 'C:\Keil_v5\ARM\ARMCC\Bin'
Build target 'Target 1'
compiling mcu_ini.c...
.\User\inc\tr_control.h(70): warning:  #1-D: last line of file ends without a newline
  #endif
.\User\inc\main.h(41): warning:  #1295-D: Deprecated declaration getMcuState - give arg types
  enum MCUState getMcuState();
.\User\inc\main.h(44): warning:  #1295-D: Deprecated declaration getDoCmdTim - give arg types
  uint32_t getDoCmdTim();
.\User\inc\main.h(46): warning:  #1295-D: Deprecated declaration getUsartBuffer - give arg types
  struct Buffer *getUsartBuffer();
.\User\inc\mcu_ini.h(10): warning:  #1295-D: Deprecated declaration usartIni - give arg types
  void usartIni();
User\src\mcu_ini.c: 5 warnings, 0 errors
compiling main.c...
.\User\inc\mcu_ini.h(10): warning:  #1295-D: Deprecated declaration usartIni - give arg types
  void usartIni();
.\User\inc\tr_control.h(70): warning:  #1-D: last line of file ends without a newline
  #endif
.\User\inc\main.h(41): warning:  #1295-D: Deprecated declaration getMcuState - give arg types
  enum MCUState getMcuState();
.\User\inc\main.h(44): warning:  #1295-D: Deprecated declaration getDoCmdTim - give arg types
  uint32_t getDoCmdTim();
.\User\inc\main.h(46): warning:  #1295-D: Deprecated declaration getUsartBuffer - give arg types
  struct Buffer *getUsartBuffer();
User\src\main.c(147): warning:  #111-D: statement is unreachable
  	deinitBuffer(g_buf);
User\src\main.c(76): warning:  #177-D: variable "currentState" was declared but never referenced
  	struct MechState* currentState = 0;
User\src\main.c(79): warning:  #177-D: variable "flagTest" was declared but never referenced
  	uint8_t flagTest = 0;
User\src\main.c: 8 warnings, 0 errors
compiling pwm.c...
.\User\inc\mcu_ini.h(10): warning:  #1295-D: Deprecated declaration usartIni - give arg types
  void usartIni();
.\User\inc\tr_control.h(70): warning:  #1-D: last line of file ends without a newline
  #endif
.\User\inc\main.h(41): warning:  #1295-D: Deprecated declaration getMcuState - give arg types
  enum MCUState getMcuState();
.\User\inc\main.h(44): warning:  #1295-D: Deprecated declaration getDoCmdTim - give arg types
  uint32_t getDoCmdTim();
.\User\inc\main.h(46): warning:  #1295-D: Deprecated declaration getUsartBuffer - give arg types
  struct Buffer *getUsartBuffer();
User\src\pwm.c: 5 warnings, 0 errors
compiling motor_controller.c...
.\User\inc\mcu_ini.h(10): warning:  #1295-D: Deprecated declaration usartIni - give arg types
  void usartIni();
.\User\inc\tr_control.h(70): warning:  #1-D: last line of file ends without a newline
  #endif
.\User\inc\main.h(41): warning:  #1295-D: Deprecated declaration getMcuState - give arg types
  enum MCUState getMcuState();
.\User\inc\main.h(44): warning:  #1295-D: Deprecated declaration getDoCmdTim - give arg types
  uint32_t getDoCmdTim();
.\User\inc\main.h(46): warning:  #1295-D: Deprecated declaration getUsartBuffer - give arg types
  struct Buffer *getUsartBuffer();
User\src\motor_controller.c: 5 warnings, 0 errors
compiling command_handler.c...
.\User\inc\mcu_ini.h(10): warning:  #1295-D: Deprecated declaration usartIni - give arg types
  void usartIni();
.\User\inc\tr_control.h(70): warning:  #1-D: last line of file ends without a newline
  #endif
.\User\inc\main.h(41): warning:  #1295-D: Deprecated declaration getMcuState - give arg types
  enum MCUState getMcuState();
.\User\inc\main.h(44): warning:  #1295-D: Deprecated declaration getDoCmdTim - give arg types
  uint32_t getDoCmdTim();
.\User\inc\main.h(46): warning:  #1295-D: Deprecated declaration getUsartBuffer - give arg types
  struct Buffer *getUsartBuffer();
User\src\command_handler.c: 5 warnings, 0 errors
compiling queue.c...
.\User\inc\mcu_ini.h(10): warning:  #1295-D: Deprecated declaration usartIni - give arg types
  void usartIni();
.\User\inc\tr_control.h(70): warning:  #1-D: last line of file ends without a newline
  #endif
.\User\inc\main.h(41): warning:  #1295-D: Deprecated declaration getMcuState - give arg types
  enum MCUState getMcuState();
.\User\inc\main.h(44): warning:  #1295-D: Deprecated declaration getDoCmdTim - give arg types
  uint32_t getDoCmdTim();
.\User\inc\main.h(46): warning:  #1295-D: Deprecated declaration getUsartBuffer - give arg types
  struct Buffer *getUsartBuffer();
User\src\queue.c(17): warning:  #940-D: missing return statement at end of non-void function "initCmd"
  }
User\src\queue.c: 6 warnings, 0 errors
linking...
Program Size: Code=4468 RO-data=424 RW-data=76 ZI-data=1636  
".\Objects\Program1.axf" - 0 Error(s), 34 Warning(s).

<h2>Collection of Component include folders:</h2>
  C:\project\Test1\RTE
  C:\Keil_v5\ARM\PACK\Keil\STM32F4xx_DFP\2.8.0\Drivers\CMSIS\Device\ST\STM32F4xx\Include

<h2>Collection of Component Files used:</h2>
Build Time Elapsed:  00:00:08
</pre>
</body>
</html>
